INFO: Invocation ID: 281d41f1-9a8b-497b-9393-7ad8220be749
Computing main repo mapping: 
Loading: 
Loading: 0 packages loaded
Analyzing: target //legend-engine/legend-engine-core/legend-engine-core-pure/legend-engine-pure-platform-modular-generation/legend-engine-pure-platform-dsl-mapping-java:legend-engine-pure-platform-dsl-mapping-java (0 packages loaded, 0 targets configured)
Analyzing: target //legend-engine/legend-engine-core/legend-engine-core-pure/legend-engine-pure-platform-modular-generation/legend-engine-pure-platform-dsl-mapping-java:legend-engine-pure-platform-dsl-mapping-java (0 packages loaded, 0 targets configured)

INFO: Analyzed target //legend-engine/legend-engine-core/legend-engine-core-pure/legend-engine-pure-platform-modular-generation/legend-engine-pure-platform-dsl-mapping-java:legend-engine-pure-platform-dsl-mapping-java (0 packages loaded, 0 targets configured).
[365 / 488] Compiling Java headers legend-pure/legend-pure-runtime/legend-pure-runtime-java-engine-compiled/libcompiled_engine_generated_L6_S4-hjar.jar (1 source jar) [for tool]; 0s remote, remote-cache ... (8 actions, 0 running)
[487 / 488] Building legend-engine/legend-engine-core/legend-engine-core-pure/legend-engine-pure-platform-modular-generation/legend-engine-pure-platform-dsl-mapping-java/liblegend-engine-pure-platform-dsl-mapping-java.jar (1 source jar); 1s remote, remote-cache
ERROR: /home/jonathanp/github/legend-parent/legend-engine/legend-engine-core/legend-engine-core-pure/legend-engine-pure-platform-modular-generation/legend-engine-pure-platform-dsl-mapping-java/BUILD.bazel:21:20: Building legend-engine/legend-engine-core/legend-engine-core-pure/legend-engine-pure-platform-modular-generation/legend-engine-pure-platform-dsl-mapping-java/liblegend-engine-pure-platform-dsl-mapping-java.jar (1 source jar) failed: (Exit 1): java failed: error executing Javac command (from target //legend-engine/legend-engine-core/legend-engine-core-pure/legend-engine-pure-platform-modular-generation/legend-engine-pure-platform-dsl-mapping-java:legend-engine-pure-platform-dsl-mapping-java) external/rules_java++toolchains+remotejdk21_linux/bin/java '--add-exports=jdk.compiler/com.sun.tools.javac.api=ALL-UNNAMED' '--add-exports=jdk.compiler/com.sun.tools.javac.main=ALL-UNNAMED' ... (remaining 19 arguments skipped)
Remote server execution message: Action details (uncached result): http://bb-browser.example.com:80/buildbarn/blobs/sha256/historical_execute_response/b311c023ba7c77c99aacf1ea005e949ef8eeca1c874b3ea52aca0ffac84f1cba-1685/
bazel-out/cfg/bin/legend-engine/legend-engine-core/legend-engine-core-pure/legend-engine-pure-platform-modular-generation/legend-engine-pure-platform-dsl-mapping-java/_javac/legend-engine-pure-platform-dsl-mapping-java/liblegend-engine-pure-platform-dsl-mapping-java_tmp/org/finos/legend/pure/generated/Root_meta_pure_mapping_EmbeddedSetImplementation_Impl.java:23: error: Root_meta_pure_mapping_EmbeddedSetImplementation_Impl is not abstract and does not override abstract method _storesRemove(Store) in EmbeddedSetImplementation
public class Root_meta_pure_mapping_EmbeddedSetImplementation_Impl extends ReflectiveCoreInstance implements org.finos.legend.pure.m3.coreinstance.meta.pure.mapping.EmbeddedSetImplementation
       ^
bazel-out/cfg/bin/legend-engine/legend-engine-core/legend-engine-core-pure/legend-engine-pure-platform-modular-generation/legend-engine-pure-platform-dsl-mapping-java/_javac/legend-engine-pure-platform-dsl-mapping-java/liblegend-engine-pure-platform-dsl-mapping-java_tmp/org/finos/legend/pure/generated/Root_meta_pure_mapping_EmbeddedSetImplementation_Impl.java:843: error: name clash: _stores(RichIterable<? extends Root_meta_pure_store_Store>) in Root_meta_pure_mapping_EmbeddedSetImplementation_Impl and _stores(RichIterable<? extends Store>) in EmbeddedSetImplementation have the same erasure, yet neither overrides the other
    public Root_meta_pure_mapping_EmbeddedSetImplementation_Impl _stores(RichIterable<? extends org.finos.legend.pure.generated.Root_meta_pure_store_Store> val)
                                                                 ^
bazel-out/cfg/bin/legend-engine/legend-engine-core/legend-engine-core-pure/legend-engine-pure-platform-modular-generation/legend-engine-pure-platform-dsl-mapping-java/_javac/legend-engine-pure-platform-dsl-mapping-java/liblegend-engine-pure-platform-dsl-mapping-java_tmp/org/finos/legend/pure/generated/Root_meta_pure_mapping_EmbeddedSetImplementation_Impl.java:853: error: name clash: _storesAddAll(RichIterable<? extends Root_meta_pure_store_Store>) in Root_meta_pure_mapping_EmbeddedSetImplementation_Impl and _storesAddAll(RichIterable<? extends Store>) in EmbeddedSetImplementation have the same erasure, yet neither overrides the other
    public Root_meta_pure_mapping_EmbeddedSetImplementation_Impl _storesAddAll(RichIterable<? extends org.finos.legend.pure.generated.Root_meta_pure_store_Store> val)
                                                                 ^
bazel-out/cfg/bin/legend-engine/legend-engine-core/legend-engine-core-pure/legend-engine-pure-platform-modular-generation/legend-engine-pure-platform-dsl-mapping-java/_javac/legend-engine-pure-platform-dsl-mapping-java/liblegend-engine-pure-platform-dsl-mapping-java_tmp/org/finos/legend/pure/generated/Root_meta_pure_mapping_InlineEmbeddedSetImplementation_Impl.java:23: error: Root_meta_pure_mapping_InlineEmbeddedSetImplementation_Impl is not abstract and does not override abstract method _storesRemove(Store) in InlineEmbeddedSetImplementation
public class Root_meta_pure_mapping_InlineEmbeddedSetImplementation_Impl extends Root_meta_pure_mapping_EmbeddedSetImplementation_Impl implements org.finos.legend.pure.m3.coreinstance.meta.pure.mapping.InlineEmbeddedSetImplementation
       ^
bazel-out/cfg/bin/legend-engine/legend-engine-core/legend-engine-core-pure/legend-engine-pure-platform-modular-generation/legend-engine-pure-platform-dsl-mapping-java/_javac/legend-engine-pure-platform-dsl-mapping-java/liblegend-engine-pure-platform-dsl-mapping-java_tmp/org/finos/legend/pure/generated/Root_meta_pure_mapping_InlineEmbeddedSetImplementation_Impl.java:622: error: name clash: _stores(RichIterable<? extends Root_meta_pure_store_Store>) in Root_meta_pure_mapping_InlineEmbeddedSetImplementation_Impl and _stores(RichIterable<? extends Store>) in EmbeddedSetImplementation have the same erasure, yet neither overrides the other
    public Root_meta_pure_mapping_InlineEmbeddedSetImplementation_Impl _stores(RichIterable<? extends org.finos.legend.pure.generated.Root_meta_pure_store_Store> val)
                                                                       ^
bazel-out/cfg/bin/legend-engine/legend-engine-core/legend-engine-core-pure/legend-engine-pure-platform-modular-generation/legend-engine-pure-platform-dsl-mapping-java/_javac/legend-engine-pure-platform-dsl-mapping-java/liblegend-engine-pure-platform-dsl-mapping-java_tmp/org/finos/legend/pure/generated/Root_meta_pure_mapping_InlineEmbeddedSetImplementation_Impl.java:632: error: name clash: _storesAddAll(RichIterable<? extends Root_meta_pure_store_Store>) in Root_meta_pure_mapping_InlineEmbeddedSetImplementation_Impl and _storesAddAll(RichIterable<? extends Store>) in EmbeddedSetImplementation have the same erasure, yet neither overrides the other
    public Root_meta_pure_mapping_InlineEmbeddedSetImplementation_Impl _storesAddAll(RichIterable<? extends org.finos.legend.pure.generated.Root_meta_pure_store_Store> val)
                                                                       ^
bazel-out/cfg/bin/legend-engine/legend-engine-core/legend-engine-core-pure/legend-engine-pure-platform-modular-generation/legend-engine-pure-platform-dsl-mapping-java/_javac/legend-engine-pure-platform-dsl-mapping-java/liblegend-engine-pure-platform-dsl-mapping-java_tmp/org/finos/legend/pure/generated/Root_meta_pure_mapping_aggregationAware_AggregationAwarePropertyMapping_LazyImpl.java:25: error: Root_meta_pure_mapping_aggregationAware_AggregationAwarePropertyMapping_LazyImpl is not abstract and does not override abstract method _store(Store) in AggregationAwarePropertyMapping
public class Root_meta_pure_mapping_aggregationAware_AggregationAwarePropertyMapping_LazyImpl extends AbstractLazyReflectiveCoreInstance implements org.finos.legend.pure.m3.coreinstance.meta.pure.mapping.aggregationAware.AggregationAwarePropertyMapping
       ^
bazel-out/cfg/bin/legend-engine/legend-engine-core/legend-engine-core-pure/legend-engine-pure-platform-modular-generation/legend-engine-pure-platform-dsl-mapping-java/_javac/legend-engine-pure-platform-dsl-mapping-java/liblegend-engine-pure-platform-dsl-mapping-java_tmp/org/finos/legend/pure/generated/Root_meta_external_store_model_PureInstanceSetImplementation_LazyImpl.java:25: error: Root_meta_external_store_model_PureInstanceSetImplementation_LazyImpl is not abstract and does not override abstract method _storesRemove(Store) in PureInstanceSetImplementation
public class Root_meta_external_store_model_PureInstanceSetImplementation_LazyImpl extends AbstractLazyReflectiveCoreInstance implements org.finos.legend.pure.m3.coreinstance.meta.external.store.model.PureInstanceSetImplementation
       ^
bazel-out/cfg/bin/legend-engine/legend-engine-core/legend-engine-core-pure/legend-engine-pure-platform-modular-generation/legend-engine-pure-platform-dsl-mapping-java/_javac/legend-engine-pure-platform-dsl-mapping-java/liblegend-engine-pure-platform-dsl-mapping-java_tmp/org/finos/legend/pure/generated/Root_meta_external_store_model_PureInstanceSetImplementation_LazyImpl.java:851: error: name clash: _stores(RichIterable<? extends Root_meta_pure_store_Store>) in Root_meta_external_store_model_PureInstanceSetImplementation_LazyImpl and _stores(RichIterable<? extends Store>) in PureInstanceSetImplementation have the same erasure, yet neither overrides the other
    public Root_meta_external_store_model_PureInstanceSetImplementation_LazyImpl _stores(RichIterable<? extends org.finos.legend.pure.generated.Root_meta_pure_store_Store> val)
                                                                                 ^
bazel-out/cfg/bin/legend-engine/legend-engine-core/legend-engine-core-pure/legend-engine-pure-platform-modular-generation/legend-engine-pure-platform-dsl-mapping-java/_javac/legend-engine-pure-platform-dsl-mapping-java/liblegend-engine-pure-platform-dsl-mapping-java_tmp/org/finos/legend/pure/generated/Root_meta_external_store_model_PureInstanceSetImplementation_LazyImpl.java:861: error: name clash: _storesAddAll(RichIterable<? extends Root_meta_pure_store_Store>) in Root_meta_external_store_model_PureInstanceSetImplementation_LazyImpl and _storesAddAll(RichIterable<? extends Store>) in PureInstanceSetImplementation have the same erasure, yet neither overrides the other
    public Root_meta_external_store_model_PureInstanceSetImplementation_LazyImpl _storesAddAll(RichIterable<? extends org.finos.legend.pure.generated.Root_meta_pure_store_Store> val)
                                                                                 ^
bazel-out/cfg/bin/legend-engine/legend-engine-core/legend-engine-core-pure/legend-engine-pure-platform-modular-generation/legend-engine-pure-platform-dsl-mapping-java/_javac/legend-engine-pure-platform-dsl-mapping-java/liblegend-engine-pure-platform-dsl-mapping-java_tmp/org/finos/legend/pure/generated/Root_meta_pure_mapping_EmbeddedSetImplementation_LazyImpl.java:25: error: Root_meta_pure_mapping_EmbeddedSetImplementation_LazyImpl is not abstract and does not override abstract method _storesRemove(Store) in EmbeddedSetImplementation
public class Root_meta_pure_mapping_EmbeddedSetImplementation_LazyImpl extends AbstractLazyReflectiveCoreInstance implements org.finos.legend.pure.m3.coreinstance.meta.pure.mapping.EmbeddedSetImplementation
       ^
bazel-out/cfg/bin/legend-engine/legend-engine-core/legend-engine-core-pure/legend-engine-pure-platform-modular-generation/legend-engine-pure-platform-dsl-mapping-java/_javac/legend-engine-pure-platform-dsl-mapping-java/liblegend-engine-pure-platform-dsl-mapping-java_tmp/org/finos/legend/pure/generated/Root_meta_pure_mapping_EmbeddedSetImplementation_LazyImpl.java:1121: error: name clash: _stores(RichIterable<? extends Root_meta_pure_store_Store>) in Root_meta_pure_mapping_EmbeddedSetImplementation_LazyImpl and _stores(RichIterable<? extends Store>) in EmbeddedSetImplementation have the same erasure, yet neither overrides the other
    public Root_meta_pure_mapping_EmbeddedSetImplementation_LazyImpl _stores(RichIterable<? extends org.finos.legend.pure.generated.Root_meta_pure_store_Store> val)
                                                                     ^
bazel-out/cfg/bin/legend-engine/legend-engine-core/legend-engine-core-pure/legend-engine-pure-platform-modular-generation/legend-engine-pure-platform-dsl-mapping-java/_javac/legend-engine-pure-platform-dsl-mapping-java/liblegend-engine-pure-platform-dsl-mapping-java_tmp/org/finos/legend/pure/generated/Root_meta_pure_mapping_EmbeddedSetImplementation_LazyImpl.java:1131: error: name clash: _storesAddAll(RichIterable<? extends Root_meta_pure_store_Store>) in Root_meta_pure_mapping_EmbeddedSetImplementation_LazyImpl and _storesAddAll(RichIterable<? extends Store>) in EmbeddedSetImplementation have the same erasure, yet neither overrides the other
    public Root_meta_pure_mapping_EmbeddedSetImplementation_LazyImpl _storesAddAll(RichIterable<? extends org.finos.legend.pure.generated.Root_meta_pure_store_Store> val)
                                                                     ^
bazel-out/cfg/bin/legend-engine/legend-engine-core/legend-engine-core-pure/legend-engine-pure-platform-modular-generation/legend-engine-pure-platform-dsl-mapping-java/_javac/legend-engine-pure-platform-dsl-mapping-java/liblegend-engine-pure-platform-dsl-mapping-java_tmp/org/finos/legend/pure/generated/Root_meta_pure_mapping_xStore_XStoreAssociationImplementation_LazyImpl.java:25: error: Root_meta_pure_mapping_xStore_XStoreAssociationImplementation_LazyImpl is not abstract and does not override abstract method _storesRemove(Store) in XStoreAssociationImplementation
public class Root_meta_pure_mapping_xStore_XStoreAssociationImplementation_LazyImpl extends AbstractLazyReflectiveCoreInstance implements org.finos.legend.pure.m3.coreinstance.meta.pure.mapping.xStore.XStoreAssociationImplementation
       ^
bazel-out/cfg/bin/legend-engine/legend-engine-core/legend-engine-core-pure/legend-engine-pure-platform-modular-generation/legend-engine-pure-platform-dsl-mapping-java/_javac/legend-engine-pure-platform-dsl-mapping-java/liblegend-engine-pure-platform-dsl-mapping-java_tmp/org/finos/legend/pure/generated/Root_meta_pure_mapping_xStore_XStoreAssociationImplementation_LazyImpl.java:581: error: name clash: _stores(RichIterable<? extends Root_meta_pure_store_Store>) in Root_meta_pure_mapping_xStore_XStoreAssociationImplementation_LazyImpl and _stores(RichIterable<? extends Store>) in XStoreAssociationImplementation have the same erasure, yet neither overrides the other
    public Root_meta_pure_mapping_xStore_XStoreAssociationImplementation_LazyImpl _stores(RichIterable<? extends org.finos.legend.pure.generated.Root_meta_pure_store_Store> val)
                                                                                  ^
bazel-out/cfg/bin/legend-engine/legend-engine-core/legend-engine-core-pure/legend-engine-pure-platform-modular-generation/legend-engine-pure-platform-dsl-mapping-java/_javac/legend-engine-pure-platform-dsl-mapping-java/liblegend-engine-pure-platform-dsl-mapping-java_tmp/org/finos/legend/pure/generated/Root_meta_pure_mapping_xStore_XStoreAssociationImplementation_LazyImpl.java:591: error: name clash: _storesAddAll(RichIterable<? extends Root_meta_pure_store_Store>) in Root_meta_pure_mapping_xStore_XStoreAssociationImplementation_LazyImpl and _storesAddAll(RichIterable<? extends Store>) in XStoreAssociationImplementation have the same erasure, yet neither overrides the other
    public Root_meta_pure_mapping_xStore_XStoreAssociationImplementation_LazyImpl _storesAddAll(RichIterable<? extends org.finos.legend.pure.generated.Root_meta_pure_store_Store> val)
                                                                                  ^
bazel-out/cfg/bin/legend-engine/legend-engine-core/legend-engine-core-pure/legend-engine-pure-platform-modular-generation/legend-engine-pure-platform-dsl-mapping-java/_javac/legend-engine-pure-platform-dsl-mapping-java/liblegend-engine-pure-platform-dsl-mapping-java_tmp/org/finos/legend/pure/generated/Root_meta_pure_mapping_PropertyMappingsImplementation_Impl.java:23: error: Root_meta_pure_mapping_PropertyMappingsImplementation_Impl is not abstract and does not override abstract method _storesRemove(Store) in PropertyMappingsImplementation
public class Root_meta_pure_mapping_PropertyMappingsImplementation_Impl extends Root_meta_pure_mapping_PropertyOwnerImplementation_Impl implements org.finos.legend.pure.m3.coreinstance.meta.pure.mapping.PropertyMappingsImplementation
       ^
bazel-out/cfg/bin/legend-engine/legend-engine-core/legend-engine-core-pure/legend-engine-pure-platform-modular-generation/legend-engine-pure-platform-dsl-mapping-java/_javac/legend-engine-pure-platform-dsl-mapping-java/liblegend-engine-pure-platform-dsl-mapping-java_tmp/org/finos/legend/pure/generated/Root_meta_pure_mapping_PropertyMappingsImplementation_Impl.java:349: error: name clash: _stores(RichIterable<? extends Root_meta_pure_store_Store>) in Root_meta_pure_mapping_PropertyMappingsImplementation_Impl and _stores(RichIterable<? extends Store>) in PropertyMappingsImplementation have the same erasure, yet neither overrides the other
    public Root_meta_pure_mapping_PropertyMappingsImplementation_Impl _stores(RichIterable<? extends org.finos.legend.pure.generated.Root_meta_pure_store_Store> val)
                                                                      ^
bazel-out/cfg/bin/legend-engine/legend-engine-core/legend-engine-core-pure/legend-engine-pure-platform-modular-generation/legend-engine-pure-platform-dsl-mapping-java/_javac/legend-engine-pure-platform-dsl-mapping-java/liblegend-engine-pure-platform-dsl-mapping-java_tmp/org/finos/legend/pure/generated/Root_meta_pure_mapping_PropertyMappingsImplementation_Impl.java:359: error: name clash: _storesAddAll(RichIterable<? extends Root_meta_pure_store_Store>) in Root_meta_pure_mapping_PropertyMappingsImplementation_Impl and _storesAddAll(RichIterable<? extends Store>) in PropertyMappingsImplementation have the same erasure, yet neither overrides the other
    public Root_meta_pure_mapping_PropertyMappingsImplementation_Impl _storesAddAll(RichIterable<? extends org.finos.legend.pure.generated.Root_meta_pure_store_Store> val)
                                                                      ^
bazel-out/cfg/bin/legend-engine/legend-engine-core/legend-engine-core-pure/legend-engine-pure-platform-modular-generation/legend-engine-pure-platform-dsl-mapping-java/_javac/legend-engine-pure-platform-dsl-mapping-java/liblegend-engine-pure-platform-dsl-mapping-java_tmp/org/finos/legend/pure/generated/Root_meta_pure_mapping_PropertyMapping_Impl.java:23: error: Root_meta_pure_mapping_PropertyMapping_Impl is not abstract and does not override abstract method _store(Store) in PropertyMapping
public class Root_meta_pure_mapping_PropertyMapping_Impl extends Root_meta_pure_metamodel_type_Any_Impl implements org.finos.legend.pure.m3.coreinstance.meta.pure.mapping.PropertyMapping
       ^
bazel-out/cfg/bin/legend-engine/legend-engine-core/legend-engine-core-pure/legend-engine-pure-platform-modular-generation/legend-engine-pure-platform-dsl-mapping-java/_javac/legend-engine-pure-platform-dsl-mapping-java/liblegend-engine-pure-platform-dsl-mapping-java_tmp/org/finos/legend/pure/generated/Root_meta_pure_mapping_aggregationAware_AggregationAwarePropertyMapping_Impl.java:23: error: Root_meta_pure_mapping_aggregationAware_AggregationAwarePropertyMapping_Impl is not abstract and does not override abstract method _store(Store) in AggregationAwarePropertyMapping
public class Root_meta_pure_mapping_aggregationAware_AggregationAwarePropertyMapping_Impl extends Root_meta_pure_mapping_PropertyMapping_Impl implements org.finos.legend.pure.m3.coreinstance.meta.pure.mapping.aggregationAware.AggregationAwarePropertyMapping
       ^
bazel-out/cfg/bin/legend-engine/legend-engine-core/legend-engine-core-pure/legend-engine-pure-platform-modular-generation/legend-engine-pure-platform-dsl-mapping-java/_javac/legend-engine-pure-platform-dsl-mapping-java/liblegend-engine-pure-platform-dsl-mapping-java_tmp/org/finos/legend/pure/generated/Root_meta_pure_mapping_InstanceSetImplementation_Impl.java:23: error: Root_meta_pure_mapping_InstanceSetImplementation_Impl is not abstract and does not override abstract method _storesRemove(Store) in InstanceSetImplementation
public class Root_meta_pure_mapping_InstanceSetImplementation_Impl extends ReflectiveCoreInstance implements org.finos.legend.pure.m3.coreinstance.meta.pure.mapping.InstanceSetImplementation
       ^
bazel-out/cfg/bin/legend-engine/legend-engine-core/legend-engine-core-pure/legend-engine-pure-platform-modular-generation/legend-engine-pure-platform-dsl-mapping-java/_javac/legend-engine-pure-platform-dsl-mapping-java/liblegend-engine-pure-platform-dsl-mapping-java_tmp/org/finos/legend/pure/generated/Root_meta_pure_mapping_InstanceSetImplementation_Impl.java:562: error: name clash: _stores(RichIterable<? extends Root_meta_pure_store_Store>) in Root_meta_pure_mapping_InstanceSetImplementation_Impl and _stores(RichIterable<? extends Store>) in InstanceSetImplementation have the same erasure, yet neither overrides the other
    public Root_meta_pure_mapping_InstanceSetImplementation_Impl _stores(RichIterable<? extends org.finos.legend.pure.generated.Root_meta_pure_store_Store> val)
                                                                 ^
bazel-out/cfg/bin/legend-engine/legend-engine-core/legend-engine-core-pure/legend-engine-pure-platform-modular-generation/legend-engine-pure-platform-dsl-mapping-java/_javac/legend-engine-pure-platform-dsl-mapping-java/liblegend-engine-pure-platform-dsl-mapping-java_tmp/org/finos/legend/pure/generated/Root_meta_pure_mapping_InstanceSetImplementation_Impl.java:572: error: name clash: _storesAddAll(RichIterable<? extends Root_meta_pure_store_Store>) in Root_meta_pure_mapping_InstanceSetImplementation_Impl and _storesAddAll(RichIterable<? extends Store>) in InstanceSetImplementation have the same erasure, yet neither overrides the other
    public Root_meta_pure_mapping_InstanceSetImplementation_Impl _storesAddAll(RichIterable<? extends org.finos.legend.pure.generated.Root_meta_pure_store_Store> val)
                                                                 ^
bazel-out/cfg/bin/legend-engine/legend-engine-core/legend-engine-core-pure/legend-engine-pure-platform-modular-generation/legend-engine-pure-platform-dsl-mapping-java/_javac/legend-engine-pure-platform-dsl-mapping-java/liblegend-engine-pure-platform-dsl-mapping-java_tmp/org/finos/legend/pure/generated/Root_meta_pure_mapping_aggregationAware_AggregationAwareSetImplementation_Impl.java:23: error: Root_meta_pure_mapping_aggregationAware_AggregationAwareSetImplementation_Impl is not abstract and does not override abstract method _storesRemove(Store) in AggregationAwareSetImplementation
public class Root_meta_pure_mapping_aggregationAware_AggregationAwareSetImplementation_Impl extends Root_meta_pure_mapping_InstanceSetImplementation_Impl implements org.finos.legend.pure.m3.coreinstance.meta.pure.mapping.aggregationAware.AggregationAwareSetImplementation
       ^
bazel-out/cfg/bin/legend-engine/legend-engine-core/legend-engine-core-pure/legend-engine-pure-platform-modular-generation/legend-engine-pure-platform-dsl-mapping-java/_javac/legend-engine-pure-platform-dsl-mapping-java/liblegend-engine-pure-platform-dsl-mapping-java_tmp/org/finos/legend/pure/generated/Root_meta_pure_mapping_aggregationAware_AggregationAwareSetImplementation_Impl.java:560: error: name clash: _stores(RichIterable<? extends Root_meta_pure_store_Store>) in Root_meta_pure_mapping_aggregationAware_AggregationAwareSetImplementation_Impl and _stores(RichIterable<? extends Store>) in InstanceSetImplementation have the same erasure, yet neither overrides the other
    public Root_meta_pure_mapping_aggregationAware_AggregationAwareSetImplementation_Impl _stores(RichIterable<? extends org.finos.legend.pure.generated.Root_meta_pure_store_Store> val)
                                                                                          ^
bazel-out/cfg/bin/legend-engine/legend-engine-core/legend-engine-core-pure/legend-engine-pure-platform-modular-generation/legend-engine-pure-platform-dsl-mapping-java/_javac/legend-engine-pure-platform-dsl-mapping-java/liblegend-engine-pure-platform-dsl-mapping-java_tmp/org/finos/legend/pure/generated/Root_meta_pure_mapping_aggregationAware_AggregationAwareSetImplementation_Impl.java:570: error: name clash: _storesAddAll(RichIterable<? extends Root_meta_pure_store_Store>) in Root_meta_pure_mapping_aggregationAware_AggregationAwareSetImplementation_Impl and _storesAddAll(RichIterable<? extends Store>) in InstanceSetImplementation have the same erasure, yet neither overrides the other
    public Root_meta_pure_mapping_aggregationAware_AggregationAwareSetImplementation_Impl _storesAddAll(RichIterable<? extends org.finos.legend.pure.generated.Root_meta_pure_store_Store> val)
                                                                                          ^
bazel-out/cfg/bin/legend-engine/legend-engine-core/legend-engine-core-pure/legend-engine-pure-platform-modular-generation/legend-engine-pure-platform-dsl-mapping-java/_javac/legend-engine-pure-platform-dsl-mapping-java/liblegend-engine-pure-platform-dsl-mapping-java_tmp/org/finos/legend/pure/generated/Root_meta_pure_mapping_OtherwiseEmbeddedSetImplementation_Impl.java:23: error: Root_meta_pure_mapping_OtherwiseEmbeddedSetImplementation_Impl is not abstract and does not override abstract method _store(Store) in OtherwiseEmbeddedSetImplementation
public class Root_meta_pure_mapping_OtherwiseEmbeddedSetImplementation_Impl extends Root_meta_pure_mapping_EmbeddedSetImplementation_Impl implements org.finos.legend.pure.m3.coreinstance.meta.pure.mapping.OtherwiseEmbeddedSetImplementation
       ^
bazel-out/cfg/bin/legend-engine/legend-engine-core/legend-engine-core-pure/legend-engine-pure-platform-modular-generation/legend-engine-pure-platform-dsl-mapping-java/_javac/legend-engine-pure-platform-dsl-mapping-java/liblegend-engine-pure-platform-dsl-mapping-java_tmp/org/finos/legend/pure/generated/Root_meta_pure_mapping_OtherwiseEmbeddedSetImplementation_Impl.java:632: error: name clash: _stores(RichIterable<? extends Root_meta_pure_store_Store>) in Root_meta_pure_mapping_OtherwiseEmbeddedSetImplementation_Impl and _stores(RichIterable<? extends Store>) in EmbeddedSetImplementation have the same erasure, yet neither overrides the other
    public Root_meta_pure_mapping_OtherwiseEmbeddedSetImplementation_Impl _stores(RichIterable<? extends org.finos.legend.pure.generated.Root_meta_pure_store_Store> val)
                                                                          ^
bazel-out/cfg/bin/legend-engine/legend-engine-core/legend-engine-core-pure/legend-engine-pure-platform-modular-generation/legend-engine-pure-platform-dsl-mapping-java/_javac/legend-engine-pure-platform-dsl-mapping-java/liblegend-engine-pure-platform-dsl-mapping-java_tmp/org/finos/legend/pure/generated/Root_meta_pure_mapping_OtherwiseEmbeddedSetImplementation_Impl.java:642: error: name clash: _storesAddAll(RichIterable<? extends Root_meta_pure_store_Store>) in Root_meta_pure_mapping_OtherwiseEmbeddedSetImplementation_Impl and _storesAddAll(RichIterable<? extends Store>) in EmbeddedSetImplementation have the same erasure, yet neither overrides the other
    public Root_meta_pure_mapping_OtherwiseEmbeddedSetImplementation_Impl _storesAddAll(RichIterable<? extends org.finos.legend.pure.generated.Root_meta_pure_store_Store> val)
                                                                          ^
bazel-out/cfg/bin/legend-engine/legend-engine-core/legend-engine-core-pure/legend-engine-pure-platform-modular-generation/legend-engine-pure-platform-dsl-mapping-java/_javac/legend-engine-pure-platform-dsl-mapping-java/liblegend-engine-pure-platform-dsl-mapping-java_tmp/org/finos/legend/pure/generated/Root_meta_external_store_model_PurePropertyMapping_Impl.java:23: error: Root_meta_external_store_model_PurePropertyMapping_Impl is not abstract and does not override abstract method _store(Store) in PurePropertyMapping
public class Root_meta_external_store_model_PurePropertyMapping_Impl extends Root_meta_pure_mapping_PropertyMapping_Impl implements org.finos.legend.pure.m3.coreinstance.meta.external.store.model.PurePropertyMapping
       ^
bazel-out/cfg/bin/legend-engine/legend-engine-core/legend-engine-core-pure/legend-engine-pure-platform-modular-generation/legend-engine-pure-platform-dsl-mapping-java/_javac/legend-engine-pure-platform-dsl-mapping-java/liblegend-engine-pure-platform-dsl-mapping-java_tmp/org/finos/legend/pure/generated/Root_meta_pure_mapping_xStore_XStorePropertyMapping_LazyImpl.java:25: error: Root_meta_pure_mapping_xStore_XStorePropertyMapping_LazyImpl is not abstract and does not override abstract method _store(Store) in XStorePropertyMapping
public class Root_meta_pure_mapping_xStore_XStorePropertyMapping_LazyImpl extends AbstractLazyReflectiveCoreInstance implements org.finos.legend.pure.m3.coreinstance.meta.pure.mapping.xStore.XStorePropertyMapping
       ^
bazel-out/cfg/bin/legend-engine/legend-engine-core/legend-engine-core-pure/legend-engine-pure-platform-modular-generation/legend-engine-pure-platform-dsl-mapping-java/_javac/legend-engine-pure-platform-dsl-mapping-java/liblegend-engine-pure-platform-dsl-mapping-java_tmp/org/finos/legend/pure/generated/Root_meta_pure_mapping_OtherwiseEmbeddedSetImplementation_LazyImpl.java:25: error: Root_meta_pure_mapping_OtherwiseEmbeddedSetImplementation_LazyImpl is not abstract and does not override abstract method _store(Store) in OtherwiseEmbeddedSetImplementation
public class Root_meta_pure_mapping_OtherwiseEmbeddedSetImplementation_LazyImpl extends AbstractLazyReflectiveCoreInstance implements org.finos.legend.pure.m3.coreinstance.meta.pure.mapping.OtherwiseEmbeddedSetImplementation
       ^
bazel-out/cfg/bin/legend-engine/legend-engine-core/legend-engine-core-pure/legend-engine-pure-platform-modular-generation/legend-engine-pure-platform-dsl-mapping-java/_javac/legend-engine-pure-platform-dsl-mapping-java/liblegend-engine-pure-platform-dsl-mapping-java_tmp/org/finos/legend/pure/generated/Root_meta_pure_mapping_OtherwiseEmbeddedSetImplementation_LazyImpl.java:1176: error: name clash: _stores(RichIterable<? extends Root_meta_pure_store_Store>) in Root_meta_pure_mapping_OtherwiseEmbeddedSetImplementation_LazyImpl and _stores(RichIterable<? extends Store>) in OtherwiseEmbeddedSetImplementation have the same erasure, yet neither overrides the other
    public Root_meta_pure_mapping_OtherwiseEmbeddedSetImplementation_LazyImpl _stores(RichIterable<? extends org.finos.legend.pure.generated.Root_meta_pure_store_Store> val)
                                                                              ^
bazel-out/cfg/bin/legend-engine/legend-engine-core/legend-engine-core-pure/legend-engine-pure-platform-modular-generation/legend-engine-pure-platform-dsl-mapping-java/_javac/legend-engine-pure-platform-dsl-mapping-java/liblegend-engine-pure-platform-dsl-mapping-java_tmp/org/finos/legend/pure/generated/Root_meta_pure_mapping_OtherwiseEmbeddedSetImplementation_LazyImpl.java:1186: error: name clash: _storesAddAll(RichIterable<? extends Root_meta_pure_store_Store>) in Root_meta_pure_mapping_OtherwiseEmbeddedSetImplementation_LazyImpl and _storesAddAll(RichIterable<? extends Store>) in OtherwiseEmbeddedSetImplementation have the same erasure, yet neither overrides the other
    public Root_meta_pure_mapping_OtherwiseEmbeddedSetImplementation_LazyImpl _storesAddAll(RichIterable<? extends org.finos.legend.pure.generated.Root_meta_pure_store_Store> val)
                                                                              ^
bazel-out/cfg/bin/legend-engine/legend-engine-core/legend-engine-core-pure/legend-engine-pure-platform-modular-generation/legend-engine-pure-platform-dsl-mapping-java/_javac/legend-engine-pure-platform-dsl-mapping-java/liblegend-engine-pure-platform-dsl-mapping-java_tmp/org/finos/legend/pure/generated/Root_meta_pure_mapping_AssociationImplementation_Impl.java:23: error: Root_meta_pure_mapping_AssociationImplementation_Impl is not abstract and does not override abstract method _storesRemove(Store) in AssociationImplementation
public class Root_meta_pure_mapping_AssociationImplementation_Impl extends Root_meta_pure_mapping_PropertyMappingsImplementation_Impl implements org.finos.legend.pure.m3.coreinstance.meta.pure.mapping.AssociationImplementation
       ^
bazel-out/cfg/bin/legend-engine/legend-engine-core/legend-engine-core-pure/legend-engine-pure-platform-modular-generation/legend-engine-pure-platform-dsl-mapping-java/_javac/legend-engine-pure-platform-dsl-mapping-java/liblegend-engine-pure-platform-dsl-mapping-java_tmp/org/finos/legend/pure/generated/Root_meta_pure_mapping_AssociationImplementation_Impl.java:373: error: name clash: _stores(RichIterable<? extends Root_meta_pure_store_Store>) in Root_meta_pure_mapping_AssociationImplementation_Impl and _stores(RichIterable<? extends Store>) in PropertyMappingsImplementation have the same erasure, yet neither overrides the other
    public Root_meta_pure_mapping_AssociationImplementation_Impl _stores(RichIterable<? extends org.finos.legend.pure.generated.Root_meta_pure_store_Store> val)
                                                                 ^
bazel-out/cfg/bin/legend-engine/legend-engine-core/legend-engine-core-pure/legend-engine-pure-platform-modular-generation/legend-engine-pure-platform-dsl-mapping-java/_javac/legend-engine-pure-platform-dsl-mapping-java/liblegend-engine-pure-platform-dsl-mapping-java_tmp/org/finos/legend/pure/generated/Root_meta_pure_mapping_AssociationImplementation_Impl.java:383: error: name clash: _storesAddAll(RichIterable<? extends Root_meta_pure_store_Store>) in Root_meta_pure_mapping_AssociationImplementation_Impl and _storesAddAll(RichIterable<? extends Store>) in PropertyMappingsImplementation have the same erasure, yet neither overrides the other
    public Root_meta_pure_mapping_AssociationImplementation_Impl _storesAddAll(RichIterable<? extends org.finos.legend.pure.generated.Root_meta_pure_store_Store> val)
                                                                 ^
bazel-out/cfg/bin/legend-engine/legend-engine-core/legend-engine-core-pure/legend-engine-pure-platform-modular-generation/legend-engine-pure-platform-dsl-mapping-java/_javac/legend-engine-pure-platform-dsl-mapping-java/liblegend-engine-pure-platform-dsl-mapping-java_tmp/org/finos/legend/pure/generated/Root_meta_pure_mapping_xStore_XStoreAssociationImplementation_Impl.java:23: error: Root_meta_pure_mapping_xStore_XStoreAssociationImplementation_Impl is not abstract and does not override abstract method _storesRemove(Store) in XStoreAssociationImplementation
public class Root_meta_pure_mapping_xStore_XStoreAssociationImplementation_Impl extends Root_meta_pure_mapping_AssociationImplementation_Impl implements org.finos.legend.pure.m3.coreinstance.meta.pure.mapping.xStore.XStoreAssociationImplementation
       ^
bazel-out/cfg/bin/legend-engine/legend-engine-core/legend-engine-core-pure/legend-engine-pure-platform-modular-generation/legend-engine-pure-platform-dsl-mapping-java/_javac/legend-engine-pure-platform-dsl-mapping-java/liblegend-engine-pure-platform-dsl-mapping-java_tmp/org/finos/legend/pure/generated/Root_meta_pure_mapping_xStore_XStoreAssociationImplementation_Impl.java:352: error: name clash: _stores(RichIterable<? extends Root_meta_pure_store_Store>) in Root_meta_pure_mapping_xStore_XStoreAssociationImplementation_Impl and _stores(RichIterable<? extends Store>) in PropertyMappingsImplementation have the same erasure, yet neither overrides the other
    public Root_meta_pure_mapping_xStore_XStoreAssociationImplementation_Impl _stores(RichIterable<? extends org.finos.legend.pure.generated.Root_meta_pure_store_Store> val)
                                                                              ^
bazel-out/cfg/bin/legend-engine/legend-engine-core/legend-engine-core-pure/legend-engine-pure-platform-modular-generation/legend-engine-pure-platform-dsl-mapping-java/_javac/legend-engine-pure-platform-dsl-mapping-java/liblegend-engine-pure-platform-dsl-mapping-java_tmp/org/finos/legend/pure/generated/Root_meta_pure_mapping_xStore_XStoreAssociationImplementation_Impl.java:362: error: name clash: _storesAddAll(RichIterable<? extends Root_meta_pure_store_Store>) in Root_meta_pure_mapping_xStore_XStoreAssociationImplementation_Impl and _storesAddAll(RichIterable<? extends Store>) in PropertyMappingsImplementation have the same erasure, yet neither overrides the other
    public Root_meta_pure_mapping_xStore_XStoreAssociationImplementation_Impl _storesAddAll(RichIterable<? extends org.finos.legend.pure.generated.Root_meta_pure_store_Store> val)
                                                                              ^
bazel-out/cfg/bin/legend-engine/legend-engine-core/legend-engine-core-pure/legend-engine-pure-platform-modular-generation/legend-engine-pure-platform-dsl-mapping-java/_javac/legend-engine-pure-platform-dsl-mapping-java/liblegend-engine-pure-platform-dsl-mapping-java_tmp/org/finos/legend/pure/generated/Root_meta_external_store_model_PureInstanceSetImplementation_Impl.java:23: error: Root_meta_external_store_model_PureInstanceSetImplementation_Impl is not abstract and does not override abstract method _storesRemove(Store) in PureInstanceSetImplementation
public class Root_meta_external_store_model_PureInstanceSetImplementation_Impl extends Root_meta_pure_mapping_InstanceSetImplementation_Impl implements org.finos.legend.pure.m3.coreinstance.meta.external.store.model.PureInstanceSetImplementation
       ^
bazel-out/cfg/bin/legend-engine/legend-engine-core/legend-engine-core-pure/legend-engine-pure-platform-modular-generation/legend-engine-pure-platform-dsl-mapping-java/_javac/legend-engine-pure-platform-dsl-mapping-java/liblegend-engine-pure-platform-dsl-mapping-java_tmp/org/finos/legend/pure/generated/Root_meta_external_store_model_PureInstanceSetImplementation_Impl.java:506: error: name clash: _stores(RichIterable<? extends Root_meta_pure_store_Store>) in Root_meta_external_store_model_PureInstanceSetImplementation_Impl and _stores(RichIterable<? extends Store>) in InstanceSetImplementation have the same erasure, yet neither overrides the other
    public Root_meta_external_store_model_PureInstanceSetImplementation_Impl _stores(RichIterable<? extends org.finos.legend.pure.generated.Root_meta_pure_store_Store> val)
                                                                             ^
bazel-out/cfg/bin/legend-engine/legend-engine-core/legend-engine-core-pure/legend-engine-pure-platform-modular-generation/legend-engine-pure-platform-dsl-mapping-java/_javac/legend-engine-pure-platform-dsl-mapping-java/liblegend-engine-pure-platform-dsl-mapping-java_tmp/org/finos/legend/pure/generated/Root_meta_external_store_model_PureInstanceSetImplementation_Impl.java:516: error: name clash: _storesAddAll(RichIterable<? extends Root_meta_pure_store_Store>) in Root_meta_external_store_model_PureInstanceSetImplementation_Impl and _storesAddAll(RichIterable<? extends Store>) in InstanceSetImplementation have the same erasure, yet neither overrides the other
    public Root_meta_external_store_model_PureInstanceSetImplementation_Impl _storesAddAll(RichIterable<? extends org.finos.legend.pure.generated.Root_meta_pure_store_Store> val)
                                                                             ^
bazel-out/cfg/bin/legend-engine/legend-engine-core/legend-engine-core-pure/legend-engine-pure-platform-modular-generation/legend-engine-pure-platform-dsl-mapping-java/_javac/legend-engine-pure-platform-dsl-mapping-java/liblegend-engine-pure-platform-dsl-mapping-java_tmp/org/finos/legend/pure/generated/Root_meta_pure_mapping_InlineEmbeddedSetImplementation_LazyImpl.java:25: error: Root_meta_pure_mapping_InlineEmbeddedSetImplementation_LazyImpl is not abstract and does not override abstract method _storesRemove(Store) in InlineEmbeddedSetImplementation
public class Root_meta_pure_mapping_InlineEmbeddedSetImplementation_LazyImpl extends AbstractLazyReflectiveCoreInstance implements org.finos.legend.pure.m3.coreinstance.meta.pure.mapping.InlineEmbeddedSetImplementation
       ^
bazel-out/cfg/bin/legend-engine/legend-engine-core/legend-engine-core-pure/legend-engine-pure-platform-modular-generation/legend-engine-pure-platform-dsl-mapping-java/_javac/legend-engine-pure-platform-dsl-mapping-java/liblegend-engine-pure-platform-dsl-mapping-java_tmp/org/finos/legend/pure/generated/Root_meta_pure_mapping_InlineEmbeddedSetImplementation_LazyImpl.java:1164: error: name clash: _stores(RichIterable<? extends Root_meta_pure_store_Store>) in Root_meta_pure_mapping_InlineEmbeddedSetImplementation_LazyImpl and _stores(RichIterable<? extends Store>) in InlineEmbeddedSetImplementation have the same erasure, yet neither overrides the other
    public Root_meta_pure_mapping_InlineEmbeddedSetImplementation_LazyImpl _stores(RichIterable<? extends org.finos.legend.pure.generated.Root_meta_pure_store_Store> val)
                                                                           ^
bazel-out/cfg/bin/legend-engine/legend-engine-core/legend-engine-core-pure/legend-engine-pure-platform-modular-generation/legend-engine-pure-platform-dsl-mapping-java/_javac/legend-engine-pure-platform-dsl-mapping-java/liblegend-engine-pure-platform-dsl-mapping-java_tmp/org/finos/legend/pure/generated/Root_meta_pure_mapping_InlineEmbeddedSetImplementation_LazyImpl.java:1174: error: name clash: _storesAddAll(RichIterable<? extends Root_meta_pure_store_Store>) in Root_meta_pure_mapping_InlineEmbeddedSetImplementation_LazyImpl and _storesAddAll(RichIterable<? extends Store>) in InlineEmbeddedSetImplementation have the same erasure, yet neither overrides the other
    public Root_meta_pure_mapping_InlineEmbeddedSetImplementation_LazyImpl _storesAddAll(RichIterable<? extends org.finos.legend.pure.generated.Root_meta_pure_store_Store> val)
                                                                           ^
bazel-out/cfg/bin/legend-engine/legend-engine-core/legend-engine-core-pure/legend-engine-pure-platform-modular-generation/legend-engine-pure-platform-dsl-mapping-java/_javac/legend-engine-pure-platform-dsl-mapping-java/liblegend-engine-pure-platform-dsl-mapping-java_tmp/org/finos/legend/pure/generated/Root_meta_pure_mapping_xStore_XStorePropertyMapping_Impl.java:23: error: Root_meta_pure_mapping_xStore_XStorePropertyMapping_Impl is not abstract and does not override abstract method _store(Store) in XStorePropertyMapping
public class Root_meta_pure_mapping_xStore_XStorePropertyMapping_Impl extends Root_meta_pure_mapping_PropertyMapping_Impl implements org.finos.legend.pure.m3.coreinstance.meta.pure.mapping.xStore.XStorePropertyMapping
       ^
bazel-out/cfg/bin/legend-engine/legend-engine-core/legend-engine-core-pure/legend-engine-pure-platform-modular-generation/legend-engine-pure-platform-dsl-mapping-java/_javac/legend-engine-pure-platform-dsl-mapping-java/liblegend-engine-pure-platform-dsl-mapping-java_tmp/org/finos/legend/pure/generated/platform_dsl_mapping_functions_Mapping.java:767: error: incompatible types: Store cannot be converted to Root_meta_pure_store_Store
return _s._substitute();
                     ^
bazel-out/cfg/bin/legend-engine/legend-engine-core/legend-engine-core-pure/legend-engine-pure-platform-modular-generation/legend-engine-pure-platform-dsl-mapping-java/_javac/legend-engine-pure-platform-dsl-mapping-java/liblegend-engine-pure-platform-dsl-mapping-java_tmp/org/finos/legend/pure/generated/platform_dsl_mapping_functions_Mapping.java:784: error: incompatible types: Store cannot be converted to Root_meta_pure_store_Store
return _s._substitute();
                     ^
bazel-out/cfg/bin/legend-engine/legend-engine-core/legend-engine-core-pure/legend-engine-pure-platform-modular-generation/legend-engine-pure-platform-dsl-mapping-java/_javac/legend-engine-pure-platform-dsl-mapping-java/liblegend-engine-pure-platform-dsl-mapping-java_tmp/org/finos/legend/pure/generated/Root_meta_pure_mapping_relation_RelationFunctionInstanceSetImplementation_LazyImpl.java:25: error: Root_meta_pure_mapping_relation_RelationFunctionInstanceSetImplementation_LazyImpl is not abstract and does not override abstract method _storesRemove(Store) in RelationFunctionInstanceSetImplementation
public class Root_meta_pure_mapping_relation_RelationFunctionInstanceSetImplementation_LazyImpl extends AbstractLazyReflectiveCoreInstance implements org.finos.legend.pure.m3.coreinstance.meta.pure.mapping.relation.RelationFunctionInstanceSetImplementation
       ^
bazel-out/cfg/bin/legend-engine/legend-engine-core/legend-engine-core-pure/legend-engine-pure-platform-modular-generation/legend-engine-pure-platform-dsl-mapping-java/_javac/legend-engine-pure-platform-dsl-mapping-java/liblegend-engine-pure-platform-dsl-mapping-java_tmp/org/finos/legend/pure/generated/Root_meta_pure_mapping_relation_RelationFunctionInstanceSetImplementation_LazyImpl.java:797: error: name clash: _stores(RichIterable<? extends Root_meta_pure_store_Store>) in Root_meta_pure_mapping_relation_RelationFunctionInstanceSetImplementation_LazyImpl and _stores(RichIterable<? extends Store>) in RelationFunctionInstanceSetImplementation have the same erasure, yet neither overrides the other
    public Root_meta_pure_mapping_relation_RelationFunctionInstanceSetImplementation_LazyImpl _stores(RichIterable<? extends org.finos.legend.pure.generated.Root_meta_pure_store_Store> val)
                                                                                              ^
bazel-out/cfg/bin/legend-engine/legend-engine-core/legend-engine-core-pure/legend-engine-pure-platform-modular-generation/legend-engine-pure-platform-dsl-mapping-java/_javac/legend-engine-pure-platform-dsl-mapping-java/liblegend-engine-pure-platform-dsl-mapping-java_tmp/org/finos/legend/pure/generated/Root_meta_pure_mapping_relation_RelationFunctionInstanceSetImplementation_LazyImpl.java:807: error: name clash: _storesAddAll(RichIterable<? extends Root_meta_pure_store_Store>) in Root_meta_pure_mapping_relation_RelationFunctionInstanceSetImplementation_LazyImpl and _storesAddAll(RichIterable<? extends Store>) in RelationFunctionInstanceSetImplementation have the same erasure, yet neither overrides the other
    public Root_meta_pure_mapping_relation_RelationFunctionInstanceSetImplementation_LazyImpl _storesAddAll(RichIterable<? extends org.finos.legend.pure.generated.Root_meta_pure_store_Store> val)
                                                                                              ^
bazel-out/cfg/bin/legend-engine/legend-engine-core/legend-engine-core-pure/legend-engine-pure-platform-modular-generation/legend-engine-pure-platform-dsl-mapping-java/_javac/legend-engine-pure-platform-dsl-mapping-java/liblegend-engine-pure-platform-dsl-mapping-java_tmp/org/finos/legend/pure/generated/Root_meta_pure_mapping_relation_RelationFunctionPropertyMapping_LazyImpl.java:25: error: Root_meta_pure_mapping_relation_RelationFunctionPropertyMapping_LazyImpl is not abstract and does not override abstract method _store(Store) in RelationFunctionPropertyMapping
public class Root_meta_pure_mapping_relation_RelationFunctionPropertyMapping_LazyImpl extends AbstractLazyReflectiveCoreInstance implements org.finos.legend.pure.m3.coreinstance.meta.pure.mapping.relation.RelationFunctionPropertyMapping
       ^
bazel-out/cfg/bin/legend-engine/legend-engine-core/legend-engine-core-pure/legend-engine-pure-platform-modular-generation/legend-engine-pure-platform-dsl-mapping-java/_javac/legend-engine-pure-platform-dsl-mapping-java/liblegend-engine-pure-platform-dsl-mapping-java_tmp/org/finos/legend/pure/generated/Root_meta_pure_mapping_aggregationAware_AggregationAwareSetImplementation_LazyImpl.java:25: error: Root_meta_pure_mapping_aggregationAware_AggregationAwareSetImplementation_LazyImpl is not abstract and does not override abstract method _storesRemove(Store) in AggregationAwareSetImplementation
public class Root_meta_pure_mapping_aggregationAware_AggregationAwareSetImplementation_LazyImpl extends AbstractLazyReflectiveCoreInstance implements org.finos.legend.pure.m3.coreinstance.meta.pure.mapping.aggregationAware.AggregationAwareSetImplementation
       ^
bazel-out/cfg/bin/legend-engine/legend-engine-core/legend-engine-core-pure/legend-engine-pure-platform-modular-generation/legend-engine-pure-platform-dsl-mapping-java/_javac/legend-engine-pure-platform-dsl-mapping-java/liblegend-engine-pure-platform-dsl-mapping-java_tmp/org/finos/legend/pure/generated/Root_meta_pure_mapping_aggregationAware_AggregationAwareSetImplementation_LazyImpl.java:907: error: name clash: _stores(RichIterable<? extends Root_meta_pure_store_Store>) in Root_meta_pure_mapping_aggregationAware_AggregationAwareSetImplementation_LazyImpl and _stores(RichIterable<? extends Store>) in AggregationAwareSetImplementation have the same erasure, yet neither overrides the other
    public Root_meta_pure_mapping_aggregationAware_AggregationAwareSetImplementation_LazyImpl _stores(RichIterable<? extends org.finos.legend.pure.generated.Root_meta_pure_store_Store> val)
                                                                                              ^
bazel-out/cfg/bin/legend-engine/legend-engine-core/legend-engine-core-pure/legend-engine-pure-platform-modular-generation/legend-engine-pure-platform-dsl-mapping-java/_javac/legend-engine-pure-platform-dsl-mapping-java/liblegend-engine-pure-platform-dsl-mapping-java_tmp/org/finos/legend/pure/generated/Root_meta_pure_mapping_aggregationAware_AggregationAwareSetImplementation_LazyImpl.java:917: error: name clash: _storesAddAll(RichIterable<? extends Root_meta_pure_store_Store>) in Root_meta_pure_mapping_aggregationAware_AggregationAwareSetImplementation_LazyImpl and _storesAddAll(RichIterable<? extends Store>) in AggregationAwareSetImplementation have the same erasure, yet neither overrides the other
    public Root_meta_pure_mapping_aggregationAware_AggregationAwareSetImplementation_LazyImpl _storesAddAll(RichIterable<? extends org.finos.legend.pure.generated.Root_meta_pure_store_Store> val)
                                                                                              ^
bazel-out/cfg/bin/legend-engine/legend-engine-core/legend-engine-core-pure/legend-engine-pure-platform-modular-generation/legend-engine-pure-platform-dsl-mapping-java/_javac/legend-engine-pure-platform-dsl-mapping-java/liblegend-engine-pure-platform-dsl-mapping-java_tmp/org/finos/legend/pure/generated/Root_meta_pure_mapping_SubstituteStore_Impl.java:23: error: Root_meta_pure_mapping_SubstituteStore_Impl is not abstract and does not override abstract method _original(Store) in SubstituteStore
public class Root_meta_pure_mapping_SubstituteStore_Impl extends Root_meta_pure_metamodel_type_Any_Impl implements org.finos.legend.pure.m3.coreinstance.meta.pure.mapping.SubstituteStore
       ^
bazel-out/cfg/bin/legend-engine/legend-engine-core/legend-engine-core-pure/legend-engine-pure-platform-modular-generation/legend-engine-pure-platform-dsl-mapping-java/_javac/legend-engine-pure-platform-dsl-mapping-java/liblegend-engine-pure-platform-dsl-mapping-java_tmp/org/finos/legend/pure/generated/Root_meta_pure_mapping_SubstituteStore_LazyImpl.java:25: error: Root_meta_pure_mapping_SubstituteStore_LazyImpl is not abstract and does not override abstract method _original(Store) in SubstituteStore
public class Root_meta_pure_mapping_SubstituteStore_LazyImpl extends AbstractLazyReflectiveCoreInstance implements org.finos.legend.pure.m3.coreinstance.meta.pure.mapping.SubstituteStore
       ^
bazel-out/cfg/bin/legend-engine/legend-engine-core/legend-engine-core-pure/legend-engine-pure-platform-modular-generation/legend-engine-pure-platform-dsl-mapping-java/_javac/legend-engine-pure-platform-dsl-mapping-java/liblegend-engine-pure-platform-dsl-mapping-java_tmp/org/finos/legend/pure/generated/Root_meta_pure_mapping_relation_RelationFunctionInstanceSetImplementation_Impl.java:23: error: Root_meta_pure_mapping_relation_RelationFunctionInstanceSetImplementation_Impl is not abstract and does not override abstract method _storesRemove(Store) in RelationFunctionInstanceSetImplementation
public class Root_meta_pure_mapping_relation_RelationFunctionInstanceSetImplementation_Impl extends Root_meta_pure_mapping_InstanceSetImplementation_Impl implements org.finos.legend.pure.m3.coreinstance.meta.pure.mapping.relation.RelationFunctionInstanceSetImplementation
       ^
bazel-out/cfg/bin/legend-engine/legend-engine-core/legend-engine-core-pure/legend-engine-pure-platform-modular-generation/legend-engine-pure-platform-dsl-mapping-java/_javac/legend-engine-pure-platform-dsl-mapping-java/liblegend-engine-pure-platform-dsl-mapping-java_tmp/org/finos/legend/pure/generated/Root_meta_pure_mapping_relation_RelationFunctionInstanceSetImplementation_Impl.java:468: error: name clash: _stores(RichIterable<? extends Root_meta_pure_store_Store>) in Root_meta_pure_mapping_relation_RelationFunctionInstanceSetImplementation_Impl and _stores(RichIterable<? extends Store>) in InstanceSetImplementation have the same erasure, yet neither overrides the other
    public Root_meta_pure_mapping_relation_RelationFunctionInstanceSetImplementation_Impl _stores(RichIterable<? extends org.finos.legend.pure.generated.Root_meta_pure_store_Store> val)
                                                                                          ^
bazel-out/cfg/bin/legend-engine/legend-engine-core/legend-engine-core-pure/legend-engine-pure-platform-modular-generation/legend-engine-pure-platform-dsl-mapping-java/_javac/legend-engine-pure-platform-dsl-mapping-java/liblegend-engine-pure-platform-dsl-mapping-java_tmp/org/finos/legend/pure/generated/Root_meta_pure_mapping_relation_RelationFunctionInstanceSetImplementation_Impl.java:478: error: name clash: _storesAddAll(RichIterable<? extends Root_meta_pure_store_Store>) in Root_meta_pure_mapping_relation_RelationFunctionInstanceSetImplementation_Impl and _storesAddAll(RichIterable<? extends Store>) in InstanceSetImplementation have the same erasure, yet neither overrides the other
    public Root_meta_pure_mapping_relation_RelationFunctionInstanceSetImplementation_Impl _storesAddAll(RichIterable<? extends org.finos.legend.pure.generated.Root_meta_pure_store_Store> val)
                                                                                          ^
bazel-out/cfg/bin/legend-engine/legend-engine-core/legend-engine-core-pure/legend-engine-pure-platform-modular-generation/legend-engine-pure-platform-dsl-mapping-java/_javac/legend-engine-pure-platform-dsl-mapping-java/liblegend-engine-pure-platform-dsl-mapping-java_tmp/org/finos/legend/pure/generated/Root_meta_pure_mapping_PropertyMappingsImplementation_LazyImpl.java:25: error: Root_meta_pure_mapping_PropertyMappingsImplementation_LazyImpl is not abstract and does not override abstract method _storesRemove(Store) in PropertyMappingsImplementation
public class Root_meta_pure_mapping_PropertyMappingsImplementation_LazyImpl extends AbstractLazyReflectiveCoreInstance implements org.finos.legend.pure.m3.coreinstance.meta.pure.mapping.PropertyMappingsImplementation
       ^
bazel-out/cfg/bin/legend-engine/legend-engine-core/legend-engine-core-pure/legend-engine-pure-platform-modular-generation/legend-engine-pure-platform-dsl-mapping-java/_javac/legend-engine-pure-platform-dsl-mapping-java/liblegend-engine-pure-platform-dsl-mapping-java_tmp/org/finos/legend/pure/generated/Root_meta_pure_mapping_PropertyMappingsImplementation_LazyImpl.java:516: error: name clash: _stores(RichIterable<? extends Root_meta_pure_store_Store>) in Root_meta_pure_mapping_PropertyMappingsImplementation_LazyImpl and _stores(RichIterable<? extends Store>) in PropertyMappingsImplementation have the same erasure, yet neither overrides the other
    public Root_meta_pure_mapping_PropertyMappingsImplementation_LazyImpl _stores(RichIterable<? extends org.finos.legend.pure.generated.Root_meta_pure_store_Store> val)
                                                                          ^
bazel-out/cfg/bin/legend-engine/legend-engine-core/legend-engine-core-pure/legend-engine-pure-platform-modular-generation/legend-engine-pure-platform-dsl-mapping-java/_javac/legend-engine-pure-platform-dsl-mapping-java/liblegend-engine-pure-platform-dsl-mapping-java_tmp/org/finos/legend/pure/generated/Root_meta_pure_mapping_PropertyMappingsImplementation_LazyImpl.java:526: error: name clash: _storesAddAll(RichIterable<? extends Root_meta_pure_store_Store>) in Root_meta_pure_mapping_PropertyMappingsImplementation_LazyImpl and _storesAddAll(RichIterable<? extends Store>) in PropertyMappingsImplementation have the same erasure, yet neither overrides the other
    public Root_meta_pure_mapping_PropertyMappingsImplementation_LazyImpl _storesAddAll(RichIterable<? extends org.finos.legend.pure.generated.Root_meta_pure_store_Store> val)
                                                                          ^
bazel-out/cfg/bin/legend-engine/legend-engine-core/legend-engine-core-pure/legend-engine-pure-platform-modular-generation/legend-engine-pure-platform-dsl-mapping-java/_javac/legend-engine-pure-platform-dsl-mapping-java/liblegend-engine-pure-platform-dsl-mapping-java_tmp/org/finos/legend/pure/generated/Root_meta_pure_mapping_PropertyMapping_LazyImpl.java:25: error: Root_meta_pure_mapping_PropertyMapping_LazyImpl is not abstract and does not override abstract method _store(Store) in PropertyMapping
public class Root_meta_pure_mapping_PropertyMapping_LazyImpl extends AbstractLazyReflectiveCoreInstance implements org.finos.legend.pure.m3.coreinstance.meta.pure.mapping.PropertyMapping
       ^
bazel-out/cfg/bin/legend-engine/legend-engine-core/legend-engine-core-pure/legend-engine-pure-platform-modular-generation/legend-engine-pure-platform-dsl-mapping-java/_javac/legend-engine-pure-platform-dsl-mapping-java/liblegend-engine-pure-platform-dsl-mapping-java_tmp/org/finos/legend/pure/generated/Root_meta_pure_mapping_InstanceSetImplementation_LazyImpl.java:25: error: Root_meta_pure_mapping_InstanceSetImplementation_LazyImpl is not abstract and does not override abstract method _storesRemove(Store) in InstanceSetImplementation
public class Root_meta_pure_mapping_InstanceSetImplementation_LazyImpl extends AbstractLazyReflectiveCoreInstance implements org.finos.legend.pure.m3.coreinstance.meta.pure.mapping.InstanceSetImplementation
       ^
bazel-out/cfg/bin/legend-engine/legend-engine-core/legend-engine-core-pure/legend-engine-pure-platform-modular-generation/legend-engine-pure-platform-dsl-mapping-java/_javac/legend-engine-pure-platform-dsl-mapping-java/liblegend-engine-pure-platform-dsl-mapping-java_tmp/org/finos/legend/pure/generated/Root_meta_pure_mapping_InstanceSetImplementation_LazyImpl.java:732: error: name clash: _stores(RichIterable<? extends Root_meta_pure_store_Store>) in Root_meta_pure_mapping_InstanceSetImplementation_LazyImpl and _stores(RichIterable<? extends Store>) in InstanceSetImplementation have the same erasure, yet neither overrides the other
    public Root_meta_pure_mapping_InstanceSetImplementation_LazyImpl _stores(RichIterable<? extends org.finos.legend.pure.generated.Root_meta_pure_store_Store> val)
                                                                     ^
bazel-out/cfg/bin/legend-engine/legend-engine-core/legend-engine-core-pure/legend-engine-pure-platform-modular-generation/legend-engine-pure-platform-dsl-mapping-java/_javac/legend-engine-pure-platform-dsl-mapping-java/liblegend-engine-pure-platform-dsl-mapping-java_tmp/org/finos/legend/pure/generated/Root_meta_pure_mapping_InstanceSetImplementation_LazyImpl.java:742: error: name clash: _storesAddAll(RichIterable<? extends Root_meta_pure_store_Store>) in Root_meta_pure_mapping_InstanceSetImplementation_LazyImpl and _storesAddAll(RichIterable<? extends Store>) in InstanceSetImplementation have the same erasure, yet neither overrides the other
    public Root_meta_pure_mapping_InstanceSetImplementation_LazyImpl _storesAddAll(RichIterable<? extends org.finos.legend.pure.generated.Root_meta_pure_store_Store> val)
                                                                     ^
bazel-out/cfg/bin/legend-engine/legend-engine-core/legend-engine-core-pure/legend-engine-pure-platform-modular-generation/legend-engine-pure-platform-dsl-mapping-java/_javac/legend-engine-pure-platform-dsl-mapping-java/liblegend-engine-pure-platform-dsl-mapping-java_tmp/org/finos/legend/pure/generated/Root_meta_pure_mapping_AssociationImplementation_LazyImpl.java:25: error: Root_meta_pure_mapping_AssociationImplementation_LazyImpl is not abstract and does not override abstract method _storesRemove(Store) in AssociationImplementation
public class Root_meta_pure_mapping_AssociationImplementation_LazyImpl extends AbstractLazyReflectiveCoreInstance implements org.finos.legend.pure.m3.coreinstance.meta.pure.mapping.AssociationImplementation
       ^
bazel-out/cfg/bin/legend-engine/legend-engine-core/legend-engine-core-pure/legend-engine-pure-platform-modular-generation/legend-engine-pure-platform-dsl-mapping-java/_javac/legend-engine-pure-platform-dsl-mapping-java/liblegend-engine-pure-platform-dsl-mapping-java_tmp/org/finos/legend/pure/generated/Root_meta_pure_mapping_AssociationImplementation_LazyImpl.java:581: error: name clash: _stores(RichIterable<? extends Root_meta_pure_store_Store>) in Root_meta_pure_mapping_AssociationImplementation_LazyImpl and _stores(RichIterable<? extends Store>) in AssociationImplementation have the same erasure, yet neither overrides the other
    public Root_meta_pure_mapping_AssociationImplementation_LazyImpl _stores(RichIterable<? extends org.finos.legend.pure.generated.Root_meta_pure_store_Store> val)
                                                                     ^
bazel-out/cfg/bin/legend-engine/legend-engine-core/legend-engine-core-pure/legend-engine-pure-platform-modular-generation/legend-engine-pure-platform-dsl-mapping-java/_javac/legend-engine-pure-platform-dsl-mapping-java/liblegend-engine-pure-platform-dsl-mapping-java_tmp/org/finos/legend/pure/generated/Root_meta_pure_mapping_AssociationImplementation_LazyImpl.java:591: error: name clash: _storesAddAll(RichIterable<? extends Root_meta_pure_store_Store>) in Root_meta_pure_mapping_AssociationImplementation_LazyImpl and _storesAddAll(RichIterable<? extends Store>) in AssociationImplementation have the same erasure, yet neither overrides the other
    public Root_meta_pure_mapping_AssociationImplementation_LazyImpl _storesAddAll(RichIterable<? extends org.finos.legend.pure.generated.Root_meta_pure_store_Store> val)
                                                                     ^
bazel-out/cfg/bin/legend-engine/legend-engine-core/legend-engine-core-pure/legend-engine-pure-platform-modular-generation/legend-engine-pure-platform-dsl-mapping-java/_javac/legend-engine-pure-platform-dsl-mapping-java/liblegend-engine-pure-platform-dsl-mapping-java_tmp/org/finos/legend/pure/generated/Root_meta_external_store_model_PurePropertyMapping_LazyImpl.java:25: error: Root_meta_external_store_model_PurePropertyMapping_LazyImpl is not abstract and does not override abstract method _store(Store) in PurePropertyMapping
public class Root_meta_external_store_model_PurePropertyMapping_LazyImpl extends AbstractLazyReflectiveCoreInstance implements org.finos.legend.pure.m3.coreinstance.meta.external.store.model.PurePropertyMapping
       ^
bazel-out/cfg/bin/legend-engine/legend-engine-core/legend-engine-core-pure/legend-engine-pure-platform-modular-generation/legend-engine-pure-platform-dsl-mapping-java/_javac/legend-engine-pure-platform-dsl-mapping-java/liblegend-engine-pure-platform-dsl-mapping-java_tmp/org/finos/legend/pure/generated/Root_meta_pure_mapping_relation_RelationFunctionPropertyMapping_Impl.java:23: error: Root_meta_pure_mapping_relation_RelationFunctionPropertyMapping_Impl is not abstract and does not override abstract method _store(Store) in RelationFunctionPropertyMapping
public class Root_meta_pure_mapping_relation_RelationFunctionPropertyMapping_Impl extends Root_meta_pure_mapping_PropertyMapping_Impl implements org.finos.legend.pure.m3.coreinstance.meta.pure.mapping.relation.RelationFunctionPropertyMapping
       ^
Target //legend-engine/legend-engine-core/legend-engine-core-pure/legend-engine-pure-platform-modular-generation/legend-engine-pure-platform-dsl-mapping-java:legend-engine-pure-platform-dsl-mapping-java failed to build
Use --verbose_failures to see the command lines of failed build steps.
INFO: Elapsed time: 8.997s, Critical Path: 8.37s
INFO: 193 processes: 191 remote cache hit, 2 internal.
ERROR: Build did NOT complete successfully
